// Jest Snapshot v1, https://goo.gl/fbAQLP

exports[`Test of the Dashboard UI Dashbaord UI for all front end elements 1`] = `
<div
  className="page"
>
  <div>
    <h3>
      mindful dashboard
    </h3>
    <div
      className="nav"
    >
      <a
        className="mini-button"
        href="#"
        onClick={[Function]}
      >
        TODAY
      </a>
      <a
        className="white-btn"
        href="#"
        onClick={[Function]}
      >
        WEEK
      </a>
      <a
        className="white-btn"
        href="#"
        onClick={[Function]}
      >
        MONTH
      </a>
    </div>
    <h1
      className="hr"
    >
      5 Hrs
    </h1>
    <h2
      className="min"
    >
      43 Minutes
    </h2>
    <Delta
      delta={-5}
      timescale="yesterday"
    />
  </div>
  <div>
    <p
      className="gray"
    >
      BREAKDOWN
    </p>
    <div
      className="breakdown"
    >
      <Metric
        time={1.5}
        url="facebook.com"
        width={100}
      />
      <Metric
        time={1.5}
        url="facebook.com"
        width={100}
      />
      <Metric
        time={1.5}
        url="facebook.com"
        width={100}
      />
      <Metric
        time={1.5}
        url="facebook.com"
        width={100}
      />
    </div>
  </div>
  <a
    className="small-button"
    href="#"
    onClick={[Function]}
  >
    <p>
      SETTINGS
    </p>
  </a>
</div>
`;
