// Jest Snapshot v1, https://goo.gl/fbAQLP

exports[`Test of the Settings UI Settings UI for all front end elements 1`] = `
<div
  className="page"
>
  <h3>
    mindful settings
  </h3>
  <div
    className="entries"
  >
    <table
      className="table"
    >
      <tr>
        <th />
        <th>
          MY SITES
        </th>
        <th>
          HOURS
        </th>
      </tr>
      <Entry
        action="remove"
        dec={[Function]}
        inc={[Function]}
        rem={[Function]}
        time={2}
        url="www.facebook.com"
      />
      <Entry
        action="remove"
        dec={[Function]}
        inc={[Function]}
        rem={[Function]}
        time={1}
        url="www.instagram.com"
      />
      <Entry
        action="remove"
        dec={[Function]}
        inc={[Function]}
        rem={[Function]}
        time={1}
        url="www.twitter.com"
      />
      <tr>
        <td>
          <a
            className="btn"
            href="#"
            onClick={[Function]}
          >
            <img
              src="/assets/images/+.png"
            />
          </a>
        </td>
        <td>
          <input
            className="inpt"
            oninput={[Function]}
            value=""
          />
        </td>
        <td>
          <div
            className="right"
          >
            <a
              className="btn"
              href="#"
            >
              <img
                onClick={[Function]}
                src="/assets/images/<.png"
              />
            </a>
            1
            <a
              className="btn"
              href="#"
            >
              <img
                onClick={[Function]}
                src="/assets/images/>.png"
              />
            </a>
          </div>
        </td>
      </tr>
      <tr>
        <th />
        <th
          className="gray"
        >
          MINDFUL SUGGESTIONS
        </th>
        <th />
      </tr>
      <Entry
        action="add"
        add={[Function]}
        dec={[Function]}
        inc={[Function]}
        time={2}
        url="www.reddit.com"
      />
    </table>
  </div>
  <a
    className="small-button"
    href="#"
    onClick={[Function]}
  >
    <p>
      DASHBOARD
    </p>
  </a>
</div>
`;
